C51 COMPILER V8.06   EXAMPLE                                                               10/03/2015 01:00:30 PAGE 1   


C51 COMPILER V8.06, COMPILATION OF MODULE EXAMPLE
OBJECT MODULE PLACED IN example.OBJ
COMPILER INVOKED BY: D:\Keil\C51\BIN\C51.EXE example.c BROWSE DEBUG OBJECTEXTEND

line level    source

   1          #include <STC12C5A.h>
   2          #include <KEY4X4.h>
   3          
   4          #define uchar unsigned char
   5          #define uint unsigned int
   6          
   7          sbit LED=P2^0;
   8          
   9          void delay(unsigned int x){
  10   1              uint i,j;
  11   1              for(i=0;i<x;i++)
  12   1                      for(j=0;j<1000;j++);
  13   1      }
  14          
  15          void main()
  16          {
  17   1              while(1){
  18   2                      LED=1;
  19   2                      KEY4X4_scan();
  20   2                      switch(KEY4X4){
  21   3                              case 0x11:{
  22   4                                      LED=0;
  23   4                                      delay(1000);
  24   4                                      delay(1000);
  25   4                                      delay(1000);
  26   4                                      delay(1000);
  27   4                                      break;
  28   4                              }
  29   3                              case 0x22:{
  30   4                                      LED=0;
  31   4                                      delay(1000);
  32   4                                      delay(1000);
  33   4                                      delay(1000);
  34   4                                      delay(1000);
  35   4                                      break;
  36   4                              }
  37   3                              case 0x33:{
  38   4                                      LED=0;
  39   4                                      delay(1000);
  40   4                                      delay(1000);
  41   4                                      delay(1000);
  42   4                                      delay(1000);
  43   4                                      break;
  44   4                              }
  45   3                              case 0x44:{
  46   4                                      LED=0;
  47   4                                      delay(1000);
  48   4                                      delay(1000);
  49   4                                      delay(1000);
  50   4                                      delay(1000);
  51   4                                      break;
  52   4                              }
  53   3                              default:{
  54   4                                      LED=1;
  55   4                                      break;
C51 COMPILER V8.06   EXAMPLE                                                               10/03/2015 01:00:30 PAGE 2   

  56   4                              }
  57   3                      }
  58   2              }
  59   1      }


MODULE INFORMATION:   STATIC OVERLAYABLE
   CODE SIZE        =    832    ----
   CONSTANT SIZE    =   ----    ----
   XDATA SIZE       =   ----    ----
   PDATA SIZE       =   ----    ----
   DATA SIZE        =     17       1
   IDATA SIZE       =   ----    ----
   BIT SIZE         =   ----    ----
END OF MODULE INFORMATION.


C51 COMPILATION COMPLETE.  0 WARNING(S),  0 ERROR(S)
